Microchip MPLAB XC8 Compiler V2.41

Linker command line:

-W-3 \
  --edf=C:\Program Files\Microchip\xc8\v2.41\pic\dat\20230208172133_en.msgs \
  -cn -h+dist/default/production\Voltimetro.X.production.sym \
  --cmf=dist/default/production\Voltimetro.X.production.cmf -z -Q18F4550 \
  -oC:\Users\sales\AppData\Local\Temp\xcAsm8o.\driver_tmp_3.o \
  --defsym=__MPLAB_BUILD=1 --fixupoverflow=error \
  -Mdist/default/production/Voltimetro.X.production.map \
  --md=C:\Users\sales\AppData\Local\Temp\xcAsm8o.\driver_tmp_0.dat -E1 \
  -ver=XC8 Compiler --acfsm=1493 -ACODE=00h-07FFFh -ACONST=00h-07FFFh \
  -ASMALLCONST=0800h-08FFhx120 -AMEDIUMCONST=0800h-07FFFh -ACOMRAM=01h-05Fh \
  -AABS1=00h-07FFh -ABIGRAM=01h-07FFh -ARAM=060h-0FFh,0100h-01FFhx7 \
  -ABANK0=060h-0FFh -ABANK1=0100h-01FFh -ABANK2=0200h-02FFh \
  -ABANK3=0300h-03FFh -ABANK4=0400h-04FFh -ABANK5=0500h-05FFh \
  -ABANK6=0600h-06FFh -ABANK7=0700h-07FFh -ASFR=0F60h-0FFFh \
  -ABIGSFR=0F60h-0FFFh -ACONFIG=0300000h-030000Dh -AIDLOC=0200000h-0200007h \
  -AEEDATA=0F00000h-0F000FFh -peeprom_data=EEDATA \
  -preset_vec=00h,intcode,intcodelo,powerup,init -pramtop=0800h \
  -psmallconst=SMALLCONST -pmediumconst=MEDIUMCONST -pconst=CONST \
  -AFARRAM=00h-00h \
  -prdata=COMRAM,nvrram=COMRAM,nvbit=COMRAM,rbss=COMRAM,rbit=COMRAM \
  -pfarbss=FARRAM,fardata=FARRAM,nvFARRAM=FARRAM \
  -pintsave_regs=BIGRAM,bigbss=BIGRAM,bigdata=BIGRAM -pbss=RAM \
  -pidata=CODE,irdata=CODE,ibigdata=CODE,ifardata=CODE -prparam=COMRAM \
  C:\Users\sales\AppData\Local\Temp\xcAsm8o.\driver_tmp_14.o \
  dist/default/production\Voltimetro.X.production.o 

Object code version is 3.11

Machine type is 18F4550



                Name                               Link     Load   Length Selector   Space Scale
C:\Users\sales\AppData\Local\Temp\xcAsm8o.\driver_tmp_14.o
                idloc                            200000   200000        8        0       5
                config                           300000   300000        E        0       4
                init                                  0        0        4        0       0
dist/default/production\Voltimetro.X.production.o
                idloc                            200000   200000        8        0       5
                config                           300000   300000        E        0       4
                smallconst                          800      800       2E      400       0
                text32                             2D40     2D40       54      417       0
                text31                             1B36     1B36      39A      417       0
                text30                             170C     170C      42A      417       0
                text29                             2348     2348      1B4      417       0
                text28                             2AD6     2AD6       94      417       0
                text27                             2B6A     2B6A       80      417       0
                text26                             2F78     2F78       30      417       0
                text25                             2EBE     2EBE       42      417       0
                text24                             2FF6     2FF6       1A      417       0
                text23                             2C64     2C64       76      417       0
                text22                             2994     2994       AA      417       0
                text21                             2602     2602      104      417       0
                text20                             2F40     2F40       38      417       0
                text19                             124C     124C      4C0      417       0
                text18                             2E34     2E34       46      417       0
                text17                             24FC     24FC      106      417       0
                text16                             2706     2706       FE      417       0
                text15                             2136     2136      212      417       0
                text14                             2CDA     2CDA       66      417       0
                text13                             2DE4     2DE4       50      417       0
                text12                             3026     3026        E      417       0
                text11                             3034     3034        A      417       0
                text10                             2804     2804       CA      417       0
                text9                              2E7A     2E7A       44      417       0
                text8                              2BEA     2BEA       7A      417       0
                text7                              2F00     2F00       40      417       0
                text6                               82E      82E      A1E      417       0
                text5                              2FD0     2FD0       26      417       0
                text4                              28CE     28CE       C6      417       0
                text3                              1ED0     1ED0      266      417       0
                text2                              2D94     2D94       50      417       0
                text1                              2FA8     2FA8       28      417       0
                text0                              2A3E     2A3E       98      417       0
                cstackCOMRAM                          1        1       5F        1       1
                cstackBANK0                          BD       BD       3C       60       1
                bssBANK0                             60       60       5D       60       1
                cinit                              3010     3010       16      417       0

TOTAL           Name                               Link     Load   Length     Space
        CLASS   CODE           
                init                                  0        0        4         0
                text32                             2D40     2D40       54         0
                text31                             1B36     1B36      39A         0
                text30                             170C     170C      42A         0
                text29                             2348     2348      1B4         0
                text28                             2AD6     2AD6       94         0
                text27                             2B6A     2B6A       80         0
                text26                             2F78     2F78       30         0
                text25                             2EBE     2EBE       42         0
                text24                             2FF6     2FF6       1A         0
                text23                             2C64     2C64       76         0
                text22                             2994     2994       AA         0
                text21                             2602     2602      104         0
                text20                             2F40     2F40       38         0
                text19                             124C     124C      4C0         0
                text18                             2E34     2E34       46         0
                text17                             24FC     24FC      106         0
                text16                             2706     2706       FE         0
                text15                             2136     2136      212         0
                text14                             2CDA     2CDA       66         0
                text13                             2DE4     2DE4       50         0
                text12                             3026     3026        E         0
                text11                             3034     3034        A         0
                text10                             2804     2804       CA         0
                text9                              2E7A     2E7A       44         0
                text8                              2BEA     2BEA       7A         0
                text7                              2F00     2F00       40         0
                text6                               82E      82E      A1E         0
                text5                              2FD0     2FD0       26         0
                text4                              28CE     28CE       C6         0
                text3                              1ED0     1ED0      266         0
                text2                              2D94     2D94       50         0
                text1                              2FA8     2FA8       28         0
                text0                              2A3E     2A3E       98         0
                cinit                              3010     3010       16         0

        CLASS   CONST          

        CLASS   SMALLCONST     
                smallconst                          800      800       2E         0

        CLASS   MEDIUMCONST    

        CLASS   COMRAM         
                cstackCOMRAM                          1        1       5F         1

        CLASS   ABS1           

        CLASS   BIGRAM         

        CLASS   RAM            

        CLASS   BANK0          
                cstackBANK0                          BD       BD       3C         1
                bssBANK0                             60       60       5D         1

        CLASS   BANK1          

        CLASS   BANK2          

        CLASS   BANK3          

        CLASS   BANK4          

        CLASS   BANK5          

        CLASS   BANK6          

        CLASS   BANK7          

        CLASS   SFR            

        CLASS   BIGSFR         

        CLASS   CONFIG         
                config                           300000   300000        E         4

        CLASS   IDLOC          
                idloc                            200000   200000        8         5

        CLASS   EEDATA         

        CLASS   FARRAM         

        CLASS   HEAP           

        CLASS   STACK          



SEGMENTS        Name                           Load    Length   Top    Selector   Space  Class

                reset_vec                      000000  000004  000004         0       0  CODE    
                cstackCOMRAM                   000001  00005F  000060         1       1  COMRAM  
                bssBANK0                       000060  000099  0000F9        60       1  BANK0   
                smallconst                     000800  00002E  00082E       400       0  SMALLCON
                text6                          00082E  002810  00303E       417       0  CODE    


UNUSED ADDRESS RANGES

        Name                Unused          Largest block    Delta
        BANK0            0000F9-0000FF                7
        BANK1            000100-0001FF              100
        BANK2            000200-0002FF              100
        BANK3            000300-0003FF              100
        BANK4            000400-0004FF              100
        BANK5            000500-0005FF              100
        BANK6            000600-0006FF              100
        BANK7            000700-0007FF              100
        BIGRAM           0000F9-0007FF              707
        BIGSFR           000F60-000FFF               A0
        CODE             000004-0007FF              7FC
                         00303E-007FFF             4FC2
        CONST            000004-0007FF              7FC
                         00303E-007FFF             4FC2
        EEDATA           F00000-F000FF              100
        MEDIUMCONST      00303E-007FFF             4FC2
        RAM              0000F9-0007FF              100
        SFR              000F60-000FFF               A0
        SMALLCONST       00303E-007FFF              100

                                  Symbol Table

?_Tensao                    cstackCOMRAM 000033
?_Valor_AD                  cstackCOMRAM 000001
?___fladd                   cstackCOMRAM 000001
?___fldiv                   cstackCOMRAM 00001A
?___flmul                   cstackCOMRAM 000001
?___flneg                   cstackCOMRAM 000001
?___flsub                   cstackCOMRAM 00001A
?___fltol                   cstackCOMRAM 000001
?___fpclassifyf             cstackCOMRAM 000001
?___wmul                    cstackCOMRAM 000001
?___xxtofl                  cstackCOMRAM 000006
?_floorf                    cstackCOMRAM 000033
?_labs                      cstackCOMRAM 000001
?_printf                    cstackBANK0  0000F1
?_read_prec_or_width        cstackCOMRAM 000007
?_vfprintf                  cstackBANK0  0000E9
Tensao@V                    cstackCOMRAM 000038
Tensao@porta                cstackCOMRAM 000037
Valor_AD@C                  cstackCOMRAM 000003
Valor_AD@porta              cstackCOMRAM 000005
_ADCON0                     (abs)        000FC2
_ADCON0bits                 (abs)        000FC2
_ADCON1                     (abs)        000FC1
_ADCON2                     (abs)        000FC0
_ADRES                      (abs)        000FC3
_OSCCON                     (abs)        000FD3
_PORTA                      (abs)        000F80
_PORTD                      (abs)        000F83
_PORTDbits                  (abs)        000F83
_TRISA                      (abs)        000F92
_TRISD                      (abs)        000F95
_Tensao                     text28       002AD6
_Valor_AD                   text32       002D40
__HRAM                      (abs)        000000
__H__absolute__             __absolute__ 000000
__Habs1                     abs1         000000
__Hbank0                    bank0        000000
__Hbank1                    bank1        000000
__Hbank2                    bank2        000000
__Hbank3                    bank3        000000
__Hbank4                    bank4        000000
__Hbank5                    bank5        000000
__Hbank6                    bank6        000000
__Hbank7                    bank7        000000
__Hbigbss                   bigbss       000000
__Hbigdata                  bigdata      000000
__Hbigram                   bigram       000000
__Hbigsfr                   bigsfr       000000
__Hbss                      bss          000000
__HbssBANK0                 bssBANK0     000000
__Hcinit                    cinit        000000
__Hclrtext                  clrtext      000000
__Hcomram                   comram       000000
__Hconfig                   config       30000E
__Hconst                    const        000000
__HcstackBANK0              cstackBANK0  000000
__HcstackCOMRAM             cstackCOMRAM 000000
__Hdata                     data         000000
__Heeprom_data              eeprom_data  000000
__Hfarbss                   farbss       000000
__Hfardata                  fardata      000000
__Hheap                     heap         000000
__Hibigdata                 ibigdata     000000
__Hidata                    idata        000000
__Hidloc                    idloc        200008
__Hifardata                 ifardata     000000
__Hinit                     init         000004
__Hintcode                  intcode      000000
__Hintcode_body             intcode_body 000000
__Hintcodelo                intcodelo    000000
__Hintentry                 intentry     000000
__Hintret                   intret       000000
__Hintsave_regs             intsave_regs 000000
__Hirdata                   irdata       000000
__Hmediumconst              mediumconst  000000
__HnvFARRAM                 nvFARRAM     000000
__Hnvbit                    nvbit        000000
__Hnvrram                   nvrram       000000
__Hparam                    rparam       000000
__Hpowerup                  powerup      000000
__Hram                      ram          000000
__Hramtop                   ramtop       000800
__Hrbit                     rbit         000000
__Hrbss                     rbss         000000
__Hrdata                    rdata        000000
__Hreset_vec                reset_vec    000000
__Hrparam                   rparam       000000
__Hsfr                      sfr          000000
__Hsmallconst               smallconst   00082E
__Hspace_0                  (abs)        00303E
__Hspace_1                  (abs)        0000F9
__Hspace_2                  (abs)        000000
__Hspace_4                  (abs)        60000E
__Hstack                    stack        000000
__Hstruct                   struct       000000
__Htemp                     temp         000000
__Htext                     text         000000
__Htext0                    text0        000000
__Htext1                    text1        000000
__Htext10                   text10       000000
__Htext11                   text11       000000
__Htext12                   text12       000000
__Htext13                   text13       000000
__Htext14                   text14       000000
__Htext15                   text15       000000
__Htext16                   text16       000000
__Htext17                   text17       000000
__Htext18                   text18       000000
__Htext19                   text19       000000
__Htext2                    text2        000000
__Htext20                   text20       000000
__Htext21                   text21       000000
__Htext22                   text22       000000
__Htext23                   text23       000000
__Htext24                   text24       000000
__Htext25                   text25       000000
__Htext26                   text26       000000
__Htext27                   text27       000000
__Htext28                   text28       000000
__Htext29                   text29       000000
__Htext3                    text3        000000
__Htext30                   text30       000000
__Htext31                   text31       000000
__Htext32                   text32       000000
__Htext4                    text4        000000
__Htext5                    text5        000000
__Htext6                    text6        000000
__Htext7                    text7        000000
__Htext8                    text8        000000
__Htext9                    text9        000000
__LRAM                      (abs)        000001
__L__absolute__             __absolute__ 000000
__Labs1                     abs1         000000
__Lbank0                    bank0        000000
__Lbank1                    bank1        000000
__Lbank2                    bank2        000000
__Lbank3                    bank3        000000
__Lbank4                    bank4        000000
__Lbank5                    bank5        000000
__Lbank6                    bank6        000000
__Lbank7                    bank7        000000
__Lbigbss                   bigbss       000000
__Lbigdata                  bigdata      000000
__Lbigram                   bigram       000000
__Lbigsfr                   bigsfr       000000
__Lbss                      bss          000000
__LbssBANK0                 bssBANK0     000000
__Lcinit                    cinit        000000
__Lclrtext                  clrtext      000000
__Lcomram                   comram       000000
__Lconfig                   config       000000
__Lconst                    const        000000
__LcstackBANK0              cstackBANK0  000000
__LcstackCOMRAM             cstackCOMRAM 000000
__Ldata                     data         000000
__Leeprom_data              eeprom_data  000000
__Lfarbss                   farbss       000000
__Lfardata                  fardata      000000
__Lheap                     heap         000000
__Libigdata                 ibigdata     000000
__Lidata                    idata        000000
__Lidloc                    idloc        000000
__Lifardata                 ifardata     000000
__Linit                     init         000000
__Lintcode                  intcode      000000
__Lintcode_body             intcode_body 000000
__Lintcodelo                intcodelo    000000
__Lintentry                 intentry     000000
__Lintret                   intret       000000
__Lintsave_regs             intsave_regs 000000
__Lirdata                   irdata       000000
__Lmediumconst              mediumconst  000000
__LnvFARRAM                 nvFARRAM     000000
__Lnvbit                    nvbit        000000
__Lnvrram                   nvrram       000000
__Lparam                    rparam       000000
__Lpowerup                  powerup      000000
__Lram                      ram          000000
__Lramtop                   ramtop       000800
__Lrbit                     rbit         000000
__Lrbss                     rbss         000000
__Lrdata                    rdata        000000
__Lreset_vec                reset_vec    000000
__Lrparam                   rparam       000000
__Lsfr                      sfr          000000
__Lsmallconst               smallconst   000800
__Lspace_0                  (abs)        000000
__Lspace_1                  (abs)        000000
__Lspace_2                  (abs)        000000
__Lspace_4                  (abs)        000000
__Lstack                    stack        000000
__Lstruct                   struct       000000
__Ltemp                     temp         000000
__Ltext                     text         000000
__Ltext0                    text0        000000
__Ltext1                    text1        000000
__Ltext10                   text10       000000
__Ltext11                   text11       000000
__Ltext12                   text12       000000
__Ltext13                   text13       000000
__Ltext14                   text14       000000
__Ltext15                   text15       000000
__Ltext16                   text16       000000
__Ltext17                   text17       000000
__Ltext18                   text18       000000
__Ltext19                   text19       000000
__Ltext2                    text2        000000
__Ltext20                   text20       000000
__Ltext21                   text21       000000
__Ltext22                   text22       000000
__Ltext23                   text23       000000
__Ltext24                   text24       000000
__Ltext25                   text25       000000
__Ltext26                   text26       000000
__Ltext27                   text27       000000
__Ltext28                   text28       000000
__Ltext29                   text29       000000
__Ltext3                    text3        000000
__Ltext30                   text30       000000
__Ltext31                   text31       000000
__Ltext32                   text32       000000
__Ltext4                    text4        000000
__Ltext5                    text5        000000
__Ltext6                    text6        000000
__Ltext7                    text7        000000
__Ltext8                    text8        000000
__Ltext9                    text9        000000
__S0                        (abs)        00303E
__S1                        (abs)        0000F9
__S4                        (abs)        000000
__S5                        (abs)        000000
___fladd                    text19       00124C
___fladd@a                  cstackCOMRAM 000005
___fladd@aexp               cstackCOMRAM 00000E
___fladd@b                  cstackCOMRAM 000001
___fladd@bexp               cstackCOMRAM 00000F
___fladd@grs                cstackCOMRAM 000010
___fladd@signs              cstackCOMRAM 00000D
___fldiv                    text31       001B36
___fldiv@a                  cstackCOMRAM 00001E
___fldiv@aexp               cstackCOMRAM 000032
___fldiv@b                  cstackCOMRAM 00001A
___fldiv@bexp               cstackCOMRAM 000031
___fldiv@grs                cstackCOMRAM 00002D
___fldiv@new_exp            cstackCOMRAM 00002B
___fldiv@rem                cstackCOMRAM 000026
___fldiv@sign               cstackCOMRAM 00002A
___fleq                     text22       002994
___fleq@ff1                 cstackCOMRAM 000001
___fleq@ff2                 cstackCOMRAM 000005
___flge                     text21       002602
___flge@ff1                 cstackCOMRAM 00001A
___flge@ff2                 cstackCOMRAM 00001E
___flmul                    text30       00170C
___flmul@a                  cstackCOMRAM 000005
___flmul@aexp               cstackCOMRAM 000012
___flmul@b                  cstackCOMRAM 000001
___flmul@bexp               cstackCOMRAM 000013
___flmul@grs                cstackCOMRAM 00000E
___flmul@prod               cstackCOMRAM 000014
___flmul@sign               cstackCOMRAM 00000D
___flmul@temp               cstackCOMRAM 000018
___flneg                    text20       002F40
___flneg@f1                 cstackCOMRAM 000001
___flsub                    text18       002E34
___flsub@a                  cstackCOMRAM 00001E
___flsub@b                  cstackCOMRAM 00001A
___fltol                    text17       0024FC
___fltol@exp1               cstackCOMRAM 00000A
___fltol@f1                 cstackCOMRAM 000001
___fltol@sign1              cstackCOMRAM 000009
___fpclassifyf              text16       002706
___fpclassifyf@F465         bssBANK0     000064
___fpclassifyf@e            cstackCOMRAM 000009
___fpclassifyf@u            cstackCOMRAM 00000B
___fpclassifyf@x            cstackCOMRAM 000001
___heap_hi                  (abs)        000000
___heap_lo                  (abs)        000000
___inthi_sp                 stack        000000
___intlo_sp                 stack        000000
___param_bank               (abs)        000000
___rparam_used              (abs)        000001
___sp                       stack        000000
___wmul                     text5        002FD0
___wmul@multiplicand        cstackCOMRAM 000003
___wmul@multiplier          cstackCOMRAM 000001
___wmul@product             cstackCOMRAM 000005
___xxtofl                   text29       002348
___xxtofl@arg               cstackCOMRAM 000010
___xxtofl@exp               cstackCOMRAM 00000F
___xxtofl@sign              cstackCOMRAM 00000E
___xxtofl@val               cstackCOMRAM 000006
__accesstop                 (abs)        000060
__activetblptr              (abs)        000002
__end_of_Tensao             text28       002B6A
__end_of_Valor_AD           text32       002D94
__end_of___fladd            text19       00170C
__end_of___fldiv            text31       001ED0
__end_of___fleq             text22       002A3E
__end_of___flge             text21       002706
__end_of___flmul            text30       001B36
__end_of___flneg            text20       002F78
__end_of___flsub            text18       002E7A
__end_of___fltol            text17       002602
__end_of___fpclassifyf      text16       002804
__end_of___wmul             text5        002FF6
__end_of___xxtofl           text29       0024FC
__end_of__initialization    cinit        00301C
__end_of_caracter_inicio    text25       002F00
__end_of_efgtoa             text6        00124C
__end_of_envia_byte_lcd     text26       002FA8
__end_of_envia_nibble_lcd   text27       002BEA
__end_of_escreve_lcd        text12       003034
__end_of_floorf             text15       002348
__end_of_fputc              text10       0028CE
__end_of_fputs              text9        002EBE
__end_of_inicializa_lcd     text23       002CDA
__end_of_labs               text14       002D40
__end_of_limpa_lcd          text24       003010
__end_of_main               text0        002AD6
__end_of_memcpy             text13       002E34
__end_of_pad                text8        002C64
__end_of_printf             text1        002FD0
__end_of_putch              text11       00303E
__end_of_read_prec_or_width text4        002994
__end_of_strcpy             text7        002F40
__end_of_vfpfcnvrt          text3        002136
__end_of_vfprintf           text2        002DE4
__initialization            cinit        003010
__mediumconst               mediumconst  000000
__pbssBANK0                 bssBANK0     000060
__pcinit                    cinit        003010
__pcstackBANK0              cstackBANK0  0000BD
__pcstackCOMRAM             cstackCOMRAM 000001
__psmallconst               smallconst   000800
__ptext0                    text0        002A3E
__ptext1                    text1        002FA8
__ptext10                   text10       002804
__ptext11                   text11       003034
__ptext12                   text12       003026
__ptext13                   text13       002DE4
__ptext14                   text14       002CDA
__ptext15                   text15       002136
__ptext16                   text16       002706
__ptext17                   text17       0024FC
__ptext18                   text18       002E34
__ptext19                   text19       00124C
__ptext2                    text2        002D94
__ptext20                   text20       002F40
__ptext21                   text21       002602
__ptext22                   text22       002994
__ptext23                   text23       002C64
__ptext24                   text24       002FF6
__ptext25                   text25       002EBE
__ptext26                   text26       002F78
__ptext27                   text27       002B6A
__ptext28                   text28       002AD6
__ptext29                   text29       002348
__ptext3                    text3        001ED0
__ptext30                   text30       00170C
__ptext31                   text31       001B36
__ptext32                   text32       002D40
__ptext4                    text4        0028CE
__ptext5                    text5        002FD0
__ptext6                    text6        00082E
__ptext7                    text7        002F00
__ptext8                    text8        002BEA
__ptext9                    text9        002E7A
__ramtop                    ramtop       000800
__smallconst                smallconst   000800
_caracter_inicio            text25       002EBE
_dbuf                       bssBANK0     00006D
_efgtoa                     text6        00082E
_efgtoa$774                 cstackBANK0  0000C3
_envia_byte_lcd             text26       002F78
_envia_nibble_lcd           text27       002B6A
_escreve_lcd                text12       003026
_flags                      bssBANK0     00006C
_floorf                     text15       002136
_fputc                      text10       002804
_fputs                      text9        002E7A
_inicializa_lcd             text23       002C64
_labs                       text14       002CDA
_limpa_lcd                  text24       002FF6
_main                       text0        002A3E
_memcpy                     text13       002DE4
_pad                        text8        002BEA
_prec                       bssBANK0     00006A
_printf                     text1        002FA8
_putch                      text11       003034
_read_prec_or_width         text4        0028CE
_strcpy                     text7        002F00
_vfpfcnvrt                  text3        001ED0
_vfprintf                   text2        002D94
_width                      bssBANK0     000068
caracter_inicio@coluna      cstackCOMRAM 000005
caracter_inicio@linha       cstackCOMRAM 000006
caracter_inicio@posicao     cstackCOMRAM 000007
efgtoa@c                    cstackCOMRAM 00004D
efgtoa@d                    cstackBANK0  0000C8
efgtoa@e                    cstackBANK0  0000CC
efgtoa@f                    cstackCOMRAM 000049
efgtoa@fp                   cstackCOMRAM 000047
efgtoa@g                    cstackBANK0  0000E1
efgtoa@h                    cstackBANK0  0000D6
efgtoa@i                    cstackBANK0  0000D4
efgtoa@l                    cstackBANK0  0000DA
efgtoa@m                    cstackBANK0  0000CA
efgtoa@mode                 cstackBANK0  0000C6
efgtoa@n                    cstackBANK0  0000DF
efgtoa@ne                   cstackBANK0  0000BD
efgtoa@nmode                cstackBANK0  0000C7
efgtoa@ou                   cstackBANK0  0000D0
efgtoa@p                    cstackBANK0  0000BF
efgtoa@pp                   cstackBANK0  0000C5
efgtoa@sign                 cstackBANK0  0000DE
efgtoa@t                    cstackBANK0  0000C1
efgtoa@u                    cstackBANK0  0000E5
efgtoa@w                    cstackBANK0  0000CE
end_of_initialization       cinit        00301C
envia_byte_lcd@dado         cstackCOMRAM 000003
envia_byte_lcd@endereco     cstackCOMRAM 000004
envia_nibble_lcd@dado       cstackCOMRAM 000002
escreve_lcd@c               cstackCOMRAM 000005
floorf@F526                 bssBANK0     000060
floorf@e                    cstackCOMRAM 000041
floorf@m                    cstackCOMRAM 00003D
floorf@u                    cstackCOMRAM 000043
floorf@x                    cstackCOMRAM 000033
fputc@c                     cstackCOMRAM 000007
fputc@fp                    cstackCOMRAM 000009
fputs@c                     cstackCOMRAM 000014
fputs@fp                    cstackCOMRAM 000012
fputs@i                     cstackCOMRAM 000015
fputs@s                     cstackCOMRAM 000010
intlevel0                   text         000000
intlevel1                   text         000000
intlevel2                   text         000000
intlevel3                   text         000000
isa$std                     (abs)        000001
isa$xinst                   (abs)        000000
labs@a                      cstackCOMRAM 000001
memcpy@d                    cstackCOMRAM 000007
memcpy@d1                   cstackCOMRAM 000001
memcpy@n                    cstackCOMRAM 000005
memcpy@s                    cstackCOMRAM 000009
memcpy@s1                   cstackCOMRAM 000003
memcpy@tmp                  cstackCOMRAM 00000B
pad@buf                     cstackCOMRAM 000019
pad@fp                      cstackCOMRAM 000017
pad@i                       cstackCOMRAM 00001E
pad@p                       cstackCOMRAM 00001B
pad@w                       cstackCOMRAM 000020
printf@ap                   cstackBANK0  0000F7
printf@fmt                  cstackBANK0  0000F1
putch@data                  cstackCOMRAM 000006
read_prec_or_width@ap       cstackCOMRAM 000009
read_prec_or_width@c        cstackCOMRAM 00000D
read_prec_or_width@fmt      cstackCOMRAM 000007
read_prec_or_width@n        cstackCOMRAM 00000E
stackhi                     (abs)        000000
stacklo                     (abs)        000000
start                       init         000000
start_initialization        cinit        003010
strcpy@d                    cstackCOMRAM 000007
strcpy@dest                 cstackCOMRAM 000001
strcpy@s                    cstackCOMRAM 000005
strcpy@src                  cstackCOMRAM 000003
vfpfcnvrt@ap                cstackCOMRAM 000054
vfpfcnvrt@c                 cstackCOMRAM 00005C
vfpfcnvrt@convarg           cstackCOMRAM 000058
vfpfcnvrt@cp                cstackCOMRAM 00005D
vfpfcnvrt@fmt               cstackCOMRAM 000052
vfpfcnvrt@fp                cstackCOMRAM 000050
vfprintf@ap                 cstackBANK0  0000ED
vfprintf@cfmt               cstackBANK0  0000EF
vfprintf@fmt                cstackBANK0  0000EB
vfprintf@fp                 cstackBANK0  0000E9


MODULE INFORMATION

Module		Function		Class		Link	Load	Size
C:\Program Files\Microchip\xc8\v2.41\pic\sources\c99\common\__fpclassifyf.c
		___fpclassifyf 		CODE           	2706	0000	254

C:\Program Files\Microchip\xc8\v2.41\pic\sources\c99\common\__fpclassifyf.c estimated size: 254

C:\Program Files\Microchip\xc8\v2.41\pic\sources\c99\common\floorf.c
		_floorf        		CODE           	2136	0000	530

C:\Program Files\Microchip\xc8\v2.41\pic\sources\c99\common\floorf.c estimated size: 530

C:\Program Files\Microchip\xc8\v2.41\pic\sources\c99\common\flge.c
		___flge        		CODE           	2602	0000	260

C:\Program Files\Microchip\xc8\v2.41\pic\sources\c99\common\flge.c estimated size: 260

C:\Program Files\Microchip\xc8\v2.41\pic\sources\c99\common\fltol.c
		___fltol       		CODE           	24FC	0000	262

C:\Program Files\Microchip\xc8\v2.41\pic\sources\c99\common\fltol.c estimated size: 262

C:\Program Files\Microchip\xc8\v2.41\pic\sources\c99\common\xxtofl.c
		___xxtofl      		CODE           	2348	0000	436

C:\Program Files\Microchip\xc8\v2.41\pic\sources\c99\common\xxtofl.c estimated size: 436

C:\Program Files\Microchip\xc8\v2.41\pic\sources\c99\common\nf_fputc.c
		_fputc         		CODE           	2804	0000	202

C:\Program Files\Microchip\xc8\v2.41\pic\sources\c99\common\nf_fputc.c estimated size: 202

C:\Program Files\Microchip\xc8\v2.41\pic\sources\c99\common\strcpy.c
		_strcpy        		CODE           	2F00	0000	64

C:\Program Files\Microchip\xc8\v2.41\pic\sources\c99\common\strcpy.c estimated size: 64

C:\Program Files\Microchip\xc8\v2.41\pic\sources\c99\common\sprcadd.c
		___flsub       		CODE           	2E34	0000	70
		___fladd       		CODE           	124C	0000	1216

C:\Program Files\Microchip\xc8\v2.41\pic\sources\c99\common\sprcadd.c estimated size: 1286

C:\Program Files\Microchip\xc8\v2.41\pic\sources\c99\common\doprnt.c
		_read_prec_or_width		CODE           	28CE	0000	198
		_vfpfcnvrt     		CODE           	1ED0	0000	614
		_efgtoa        		CODE           	082E	0000	2590
		_pad           		CODE           	2BEA	0000	122
		_vfprintf      		CODE           	2D94	0000	80

C:\Program Files\Microchip\xc8\v2.41\pic\sources\c99\common\doprnt.c estimated size: 3604

C:\Program Files\Microchip\xc8\v2.41\pic\sources\c99\common\flneg.c
		___flneg       		CODE           	2F40	0000	56

C:\Program Files\Microchip\xc8\v2.41\pic\sources\c99\common\flneg.c estimated size: 56

C:\Program Files\Microchip\xc8\v2.41\pic\sources\c99\common\fleq.c
		___fleq        		CODE           	2994	0000	170

C:\Program Files\Microchip\xc8\v2.41\pic\sources\c99\common\fleq.c estimated size: 170

shared
		__initialization		CODE           	3010	0000	12

shared estimated size: 12

C:\Program Files\Microchip\xc8\v2.41\pic\sources\c99\common\memcpy.c
		_memcpy        		CODE           	2DE4	0000	80

C:\Program Files\Microchip\xc8\v2.41\pic\sources\c99\common\memcpy.c estimated size: 80

lcd.c
		_escreve_lcd   		CODE           	3026	0000	14
		_caracter_inicio		CODE           	2EBE	0000	66
		_limpa_lcd     		CODE           	2FF6	0000	26
		_inicializa_lcd		CODE           	2C64	0000	118
		_envia_byte_lcd		CODE           	2F78	0000	48
		_envia_nibble_lcd		CODE           	2B6A	0000	128

lcd.c estimated size: 400

C:\Program Files\Microchip\xc8\v2.41\pic\sources\c99\common\Umul16.c
		___wmul        		CODE           	2FD0	0000	38

C:\Program Files\Microchip\xc8\v2.41\pic\sources\c99\common\Umul16.c estimated size: 38

C:\Program Files\Microchip\xc8\v2.41\pic\sources\c99\common\nf_fputs.c
		_fputs         		CODE           	2E7A	0000	68

C:\Program Files\Microchip\xc8\v2.41\pic\sources\c99\common\nf_fputs.c estimated size: 68

C:\Program Files\Microchip\xc8\v2.41\pic\sources\c99\common\labs.c
		_labs          		CODE           	2CDA	0000	102

C:\Program Files\Microchip\xc8\v2.41\pic\sources\c99\common\labs.c estimated size: 102

C:\Program Files\Microchip\xc8\v2.41\pic\sources\c99\common\sprcmul.c
		___flmul       		CODE           	170C	0000	1066

C:\Program Files\Microchip\xc8\v2.41\pic\sources\c99\common\sprcmul.c estimated size: 1066

Voltimetro.c
		_putch         		CODE           	3034	0000	10
		_Valor_AD      		CODE           	2D40	0000	84
		_main          		CODE           	2A3E	0000	152
		_Tensao        		CODE           	2AD6	0000	148

Voltimetro.c estimated size: 394

C:\Program Files\Microchip\xc8\v2.41\pic\sources\c99\common\printf.c
		_printf        		CODE           	2FA8	0000	40

C:\Program Files\Microchip\xc8\v2.41\pic\sources\c99\common\printf.c estimated size: 40

C:\Program Files\Microchip\xc8\v2.41\pic\sources\c99\common\sprcdiv.c
		___fldiv       		CODE           	1B36	0000	922

C:\Program Files\Microchip\xc8\v2.41\pic\sources\c99\common\sprcdiv.c estimated size: 922

